// Jest Snapshot v1, https://goo.gl/fbAQLP

exports[`Welcome to xyz Should return json object with a welcome message on app start 1`] = `
Object {
  "message": "Welcome to xyz",
}
`;
